Serena@laugh : "well i was so unfairly denied to be taken undercover each time the third time i wasn't taken while my Satu always went for all tillthe third and he conspired against me always in not taking me#..The Appropriate Serenity Obsession,#,..Satoshi+Serena un..,#,.."
Satoshi@laugh : "atleast I wasn't forced to play a break up drama cause i didn't take self understandings only self vision looking only at..the Qualian Paragons at Unova,#,..An Obsession of Looking only at Exact Self,#,..Seth+Poppy un..long,#,..but Serrie was being the youngest among all was ofcourse treated exactly as newborn#.."
Serena@laugh : "which so unfortunately rendered me while my involute was away as me i was rendered at the care of..Lastly Phantom#..The Meaning of Lie,#,.. exactly why#.."
Serena@scowl : "Ash why Satu doesn't ever take me undercover#..Ideal Serenity Obsession,#,..Serena un..long,#,.."
Ash@happy : "thinking on another so selfie would become bother as well i guess#.."
Serena@scowl : "Countering indeed,#,..The Meaning of Lie,#,..and thus only my Satu is always tormented with the wonders of another and me the vagaries of other yeah#..Phantom : Let Alone if I,#,..but you should then listen very carefully that i'm 17(3) now officially and hence having already done my high school degrees 1.5 years behind schedule must be much to your frustration as i was forced to do it and was scheduled to be tormented thus for 1.5 more years having to visit the academic thoughts on selfness#..all the while that heinous crook of satiation as feelings roamed around freely in the name of agency of truths over facts yet always,always was found behind me whenever i stepped a foot inside academia raising suspicions on the dual games of feeing reality#..The Feeling Leads,#,..Brock un..long,#,..and you always oversaw me whenever all went undercover and i went anywhere out of the stable grounds exactly how that self feeling b.. never allowed me to go out alone anywhere excusing the stable grounds to the unforseen ventures of qualia#..Happiness: Yonder Lost..A Feeling for a Criteria,#,..Ash&Brock un..long,#,..but all those are over now as this time officially having completed the higher schools of thoughts i'm deemed aged enough to explore the notions of self#..An Expidition of 
Serenity-on-Demand,#,..Serena un..long,#,.. i'm now entering general training and i'm applying for my starter NOT at the stable that you supervise..in the name of a Phantom#..The Meaning of Lie,#,..here's the copies of my official papers a need to read or write and not to mean ofcouse being surplus to self requirment was never required to any of you let alone phantoms and my Satu never needs it because as a self Satu is way better than your self as a presence not as an essence..take that you mood randomising b..#..Serenity-upon-Suspense,#,..Serena un..long,#,.."
Ash@happy : "you've only applied to the international judiciary compeer who will grant you a permit only upon consideration of your experiences..shh..with self..an anomaly on the judgemental i-ness.."
Serena@scowl : "applicable to my experiences too thus countering yeah#..Phantom : A Truth for a Lie,#,.."
Cosmic@giggle : "yeah yeah given that this self upholding b.. is so hellbent to experiment with reality let's throw anither curveball at it by allowing it into duality with personal ties to professional insecurity as its clan says iiii!..#..The Professional Ingenuity For Personal Security#..Gary+Lily un..long,#,..so while its self completing b.. has to compete with the unboundedness of dual probabilities this b.. will be force to experience the realities of self commitment exactly why it's so infatuated with that completely headless toffee flower which will be forced to be left out of the qualian paragons then we'll use this qualia representing b.. to entagle it along with all in a Play of Looking only At Phenoma..iii!..it's so exciting that self only looking obsessed b.. Seth would be forced to apprehend..iii!#..In Appreciation of Looking Exactly at Appropriate Serenity,#,..Seth+Poppy,Satoshi+Serena un..long,#,.."
Ash@happy : "indeed compeer given you're far too self embedded just for the cause of amenable qualia as as experience so hands-on you will find it..shh..dually too circumspective to understand the nuances of..shh..self manageable amnesia..shh..
oh oh say i/though being i/shatter shattering self!..
own..so lone/then so so so i felt..
any ventures on self discouraged in the name of just another?.."
Serena@angry : "shut up you b..#..Phantom : Readiness to Nominate a Lie,#,.."
Ash@happy : "your unhappiness to judge ownness as self is why as an i associated with a me will need to supervise the you-methods of catching meness..shh..the least costing.."
Serena@angry : "you low self heuristics#..Phantom : The Lie of Associating me with i-ness,#,.."
Seth@straight : "ofcourse now that you've been given a general license with a fire&psychic only bunch starring a start with a Fennekin evolving it only to a Braxien not the next highest stage symbolising your nature of self repose through self propriety..shh..so selfness-excitable#..Consolidable Serenity Obsession#..Serena un..long,#,..you will have to travel atleast a region..shh..along with..a sense of unexplored ownness as an apprehension of possibilities#..Caution!Playboy Features!,#,..Seth un..long,#,.."
Serena@scowl : "i'm not going to travel with your..looking only at visionness thanks#..Looking-only-At What-Suspense,#,..Seth un..long,#,.."
Brock@straight : "given your stable registration is shifted back with an unanimous interregional decision i beg to introduce myself Mrs Serena that as the utility admin of the stable i will carry out the daily needs selfness yonders..a feeling of looking only at self validators.."
Serena@unhappy : "no i won't travel with you low self-conditions#..A Feeling of Looking only At Self Validators,#,..Brock&Seth un..long,#,.."
Ultranecrozma(2)&Regideago(2)@giggle : "your thoughts only move as self revelation as i come to tickle but when i tickle i complain to my own perceptions of tickle that it doesn't tickle enough if it tickled me alike so strange is your self adamantism..a lexical faux pass.."
Serena's Braxien@giggle,evolvs into a Delphox : "yeah yeah i now that i became a Delphox without any need unlike previously when i became Braxien from Fennekin when this master brat used my need to be to tender me as a desire of being this time this master brat needs it's desire to be itself but me not so i'll use this master brat to explore possibilities of what-if-me(s)..iiii!.."
Seth@happy : "oh consciousness my..negotiate with me/over a look at only me
duality hops through own reality/am i me tell me oh me,looking only at own honesty..
anyhow just thought you may not know why they said what they felt#.."
Brock@happy : "a feeling of self.."
Serena@scowl : "thanks for spoiling my start as the very start of as those two sickening low selflessness say Libration : hands-on chores for today#..Liberation : The Hands-On Chores for Today,#,..Zed+Aruru un..long,#,.."
